2015-11-23T08:39:59.591+0100: 2,334: [GC [1 CMS-initial-mark: 0K(707840K)] 125462K(1014528K), 0,0351210 secs] [Times: user=0,02 sys=0,01, real=0,03 secs] 
2015-11-23T08:39:59.627+0100: 2,369: [CMS-concurrent-mark-start]
2015-11-23T08:39:59.644+0100: 2,387: [CMS-concurrent-mark: 0,018/0,018 secs] [Times: user=0,01 sys=0,00, real=0,02 secs] 
2015-11-23T08:39:59.644+0100: 2,387: [CMS-concurrent-preclean-start]
2015-11-23T08:39:59.657+0100: 2,400: [CMS-concurrent-preclean: 0,013/0,013 secs] [Times: user=0,02 sys=0,00, real=0,02 secs] 
2015-11-23T08:39:59.657+0100: 2,400: [CMS-concurrent-abortable-preclean-start]
 CMS: abort preclean due to time 2015-11-23T08:40:04.754+0100: 7,496: [CMS-concurrent-abortable-preclean: 0,114/5,097 secs] [Times: user=0,15 sys=0,01, real=5,09 secs] 
2015-11-23T08:40:04.754+0100: 7,496: [GC[YG occupancy: 130921 K (306688 K)]2015-11-23T08:40:04.754+0100: 7,496: [GC2015-11-23T08:40:04.754+0100: 7,496: [ParNew: 130921K->8591K(306688K), 0,0202820 secs] 130921K->8591K(1014528K), 0,0203520 secs] [Times: user=0,05 sys=0,01, real=0,02 secs] 
2015-11-23T08:40:04.774+0100: 7,517: [Rescan (parallel) , 0,0068620 secs]2015-11-23T08:40:04.781+0100: 7,524: [weak refs processing, 0,0000140 secs]2015-11-23T08:40:04.781+0100: 7,524: [class unloading, 0,0005980 secs]2015-11-23T08:40:04.782+0100: 7,524: [scrub symbol table, 0,0019920 secs]2015-11-23T08:40:04.784+0100: 7,526: [scrub string table, 0,0001460 secs] [1 CMS-remark: 0K(707840K)] 8591K(1014528K), 0,0301890 secs] [Times: user=0,07 sys=0,01, real=0,03 secs] 
2015-11-23T08:40:04.784+0100: 7,527: [CMS-concurrent-sweep-start]
2015-11-23T08:40:04.788+0100: 7,530: [CMS-concurrent-sweep: 0,003/0,004 secs] [Times: user=0,02 sys=0,00, real=0,01 secs] 
2015-11-23T08:40:04.788+0100: 7,531: [CMS-concurrent-reset-start]
2015-11-23T08:40:04.791+0100: 7,533: [CMS-concurrent-reset: 0,002/0,003 secs] [Times: user=0,00 sys=0,00, real=0,00 secs] 
2015-11-23T09:04:59.139+0100: 1501,882: [GC2015-11-23T09:04:59.139+0100: 1501,882: [ParNew: 281231K->5960K(306688K), 0,0223660 secs] 281231K->5960K(1014528K), 0,0224910 secs] [Times: user=0,05 sys=0,01, real=0,02 secs] 
2015-11-23T09:45:10.375+0100: 3913,117: [GC2015-11-23T09:45:10.375+0100: 3913,118: [ParNew: 278600K->4606K(306688K), 0,0201520 secs] 278600K->4606K(1014528K), 0,0204720 secs] [Times: user=0,06 sys=0,00, real=0,02 secs] 
2015-11-23T10:26:37.810+0100: 6400,553: [GC2015-11-23T10:26:37.820+0100: 6400,562: [ParNew: 277246K->4808K(306688K), 0,0121260 secs] 277246K->4808K(1014528K), 0,0218760 secs] [Times: user=0,04 sys=0,00, real=0,02 secs] 
2015-11-23T11:08:14.874+0100: 8897,616: [GC2015-11-23T11:08:14.896+0100: 8897,638: [ParNew: 277448K->4550K(306688K), 0,0254510 secs] 277448K->4550K(1014528K), 0,0479130 secs] [Times: user=0,08 sys=0,00, real=0,05 secs] 
2015-11-23T11:51:21.449+0100: 11484,192: [GC2015-11-23T11:51:21.486+0100: 11484,228: [ParNew: 277190K->5445K(306688K), 0,0251040 secs] 277190K->5445K(1014528K), 0,0616140 secs] [Times: user=0,02 sys=0,01, real=0,06 secs] 
2015-11-23T12:35:28.328+0100: 14131,070: [GC2015-11-23T12:35:28.355+0100: 14131,097: [ParNew: 278085K->4366K(306688K), 0,0942760 secs] 278085K->6293K(1014528K), 0,1212190 secs] [Times: user=0,05 sys=0,01, real=0,12 secs] 
2015-11-23T13:19:24.251+0100: 16767,006: [GC2015-11-23T13:19:24.281+0100: 16767,023: [ParNew: 277006K->2445K(306688K), 0,1834860 secs] 278933K->4961K(1014528K), 0,2141540 secs] [Times: user=0,03 sys=0,00, real=0,21 secs] 
2015-11-23T14:03:18.826+0100: 19401,590: [GC2015-11-23T14:03:18.874+0100: 19401,616: [ParNew: 275085K->2280K(306688K), 0,0857470 secs] 277601K->4800K(1014528K), 0,1340680 secs] [Times: user=0,02 sys=0,00, real=0,14 secs] 
2015-11-23T14:47:28.826+0100: 22051,568: [GC2015-11-23T14:47:28.843+0100: 22051,585: [ParNew: 274920K->2332K(306688K), 0,0199560 secs] 277440K->4861K(1014528K), 0,0368650 secs] [Times: user=0,04 sys=0,00, real=0,04 secs] 
